git remote add origin https://github.com/AIP00ja/Newsletter.git
git branch -M main
git push -u origin main



ADMIN@DESKTOP-T6G9GPP MINGW64 ~ (master)
$ cd "C:\Users\ADMIN\Desktop\pooja git"

ADMIN@DESKTOP-T6G9GPP MINGW64 ~/Desktop/pooja git (login_page)
$ git branch

ADMIN@DESKTOP-T6G9GPP MINGW64 ~/Desktop/pooja git (login_page)
$ git init
Reinitialized existing Git repository in C:/Users/ADMIN/Desktop/pooja git/.git/

ADMIN@DESKTOP-T6G9GPP MINGW64 ~/Desktop/pooja git (login_page)
$ git add README.md
fatal: pathspec 'README.md' did not match any files

ADMIN@DESKTOP-T6G9GPP MINGW64 ~/Desktop/pooja git (login_page)
$ echo "# Test" >> README.md

ADMIN@DESKTOP-T6G9GPP MINGW64 ~/Desktop/pooja git (login_page)
$ git add README.md
warning: in the working copy of 'README.md', LF will be replaced by CRLF the next time Git touches it

ADMIN@DESKTOP-T6G9GPP MINGW64 ~/Desktop/pooja git (login_page)
$ git commot -m "test"
git: 'commot' is not a git command. See 'git --help'.

The most similar command is
        commit

ADMIN@DESKTOP-T6G9GPP MINGW64 ~/Desktop/pooja git (login_page)
$ git commit -m "test"
[login_page (root-commit) 533d136] test
 1 file changed, 1 insertion(+)
 create mode 100644 README.md

ADMIN@DESKTOP-T6G9GPP MINGW64 ~/Desktop/pooja git (login_page)
$ git branch -M main

ADMIN@DESKTOP-T6G9GPP MINGW64 ~/Desktop/pooja git (main)
$ git remote add origin https://github.com/AIP00ja/Test.git

ADMIN@DESKTOP-T6G9GPP MINGW64 ~/Desktop/pooja git (main)
$ git push -u origin main
Enumerating objects: 3, done.
Counting objects: 100% (3/3), done.
Writing objects: 100% (3/3), 212 bytes | 212.00 KiB/s, done.
Total 3 (delta 0), reused 0 (delta 0), pack-reused 0 (from 0)
To https://github.com/AIP00ja/Test.git
 * [new branch]      main -> main
branch 'main' set up to track 'origin/main'.

ADMIN@DESKTOP-T6G9GPP MINGW64 ~/Desktop/pooja git (main)
$ git remote add origin https://github.com/AIP00ja/Test.git
error: remote origin already exists.

ADMIN@DESKTOP-T6G9GPP MINGW64 ~/Desktop/pooja git (main)
$ git status
On branch main
Your branch is up to date with 'origin/main'.

Untracked files:
  (use "git add <file>..." to include in what will be committed)
        1.txt

nothing added to commit but untracked files present (use "git add" to track)

ADMIN@DESKTOP-T6G9GPP MINGW64 ~/Desktop/pooja git (main)
$ git add .

ADMIN@DESKTOP-T6G9GPP MINGW64 ~/Desktop/pooja git (main)
$ git commit -m "test1"
[main 62d6210] test1
 1 file changed, 3 insertions(+)
 create mode 100644 1.txt

ADMIN@DESKTOP-T6G9GPP MINGW64 ~/Desktop/pooja git (main)
$ git push -u origin main
Enumerating objects: 4, done.
Counting objects: 100% (4/4), done.
Delta compression using up to 4 threads
Compressing objects: 100% (3/3), done.
Writing objects: 100% (3/3), 311 bytes | 311.00 KiB/s, done.
Total 3 (delta 0), reused 0 (delta 0), pack-reused 0 (from 0)
To https://github.com/AIP00ja/Test.git
   533d136..62d6210  main -> main
branch 'main' set up to track 'origin/main'.

ADMIN@DESKTOP-T6G9GPP MINGW64 ~/Desktop/pooja git (main)
$ git status
On branch main
Your branch is up to date with 'origin/main'.

nothing to commit, working tree clean

ADMIN@DESKTOP-T6G9GPP MINGW64 ~/Desktop/pooja git (main)
$
